http://drupal8.local/sites/simpletest/browser_output/Drupal_Tests_conditional_fields_FunctionalJavascript_ConditionalFieldStatesTest-1-47146900.html
http://drupal8.local/sites/simpletest/browser_output/Drupal_Tests_conditional_fields_FunctionalJavascript_ConditionalFieldStatesTest-2-83973250.html
http://drupal8.local/sites/simpletest/browser_output/Drupal_Tests_conditional_fields_FunctionalJavascript_ConditionalFieldStatesTest-3-83973250.html
http://drupal8.local/sites/simpletest/browser_output/Drupal_Tests_conditional_fields_FunctionalJavascript_ConditionalFieldStatesTest-4-83973250.html
http://drupal8.local/sites/simpletest/browser_output/Drupal_Tests_conditional_fields_FunctionalJavascript_ConditionalFieldStatesTest-5-83973250.html
http://drupal8.local/sites/simpletest/browser_output/Drupal_Tests_conditional_fields_FunctionalJavascript_ConditionalFieldStatesTest-6-83973250.html
http://drupal8.local/sites/simpletest/browser_output/Drupal_Tests_conditional_fields_FunctionalJavascript_ConditionalFieldStatesTest-7-83973250.html
http://drupal8.local/sites/simpletest/browser_output/Drupal_Tests_conditional_fields_FunctionalJavascript_ConditionalFieldStatesTest-8-83973250.html
http://drupal8.local/sites/simpletest/browser_output/Drupal_Tests_conditional_fields_FunctionalJavascript_ConditionalFieldStatesTest-9-83973250.html
http://drupal8.local/sites/simpletest/browser_output/Drupal_Tests_conditional_fields_FunctionalJavascript_ConditionalFieldStatesTest-10-13401657.html
http://drupal8.local/sites/simpletest/browser_output/Drupal_Tests_conditional_fields_FunctionalJavascript_ConditionalFieldStatesTest-11-13401657.html
http://drupal8.local/sites/simpletest/browser_output/Drupal_Tests_conditional_fields_FunctionalJavascript_ConditionalFieldStatesTest-12-13401657.html
http://drupal8.local/sites/simpletest/browser_output/Drupal_Tests_conditional_fields_FunctionalJavascript_ConditionalFieldStatesTest-13-13401657.html
http://drupal8.local/sites/simpletest/browser_output/Drupal_Tests_conditional_fields_FunctionalJavascript_ConditionalFieldStatesTest-14-13401657.html
http://drupal8.local/sites/simpletest/browser_output/Drupal_Tests_conditional_fields_FunctionalJavascript_ConditionalFieldStatesTest-15-13401657.html
http://drupal8.local/sites/simpletest/browser_output/Drupal_Tests_conditional_fields_FunctionalJavascript_ConditionalFieldStatesTest-16-13401657.html
http://drupal8.local/sites/simpletest/browser_output/Drupal_Tests_conditional_fields_FunctionalJavascript_ConditionalFieldStatesTest-17-13401657.html
http://drupal8.local/sites/simpletest/browser_output/Drupal_Tests_conditional_fields_FunctionalJavascript_ConditionalFieldStatesTest-1-50426712.html
http://drupal8.local/sites/simpletest/browser_output/Drupal_Tests_conditional_fields_FunctionalJavascript_ConditionalFieldStatesTest-2-50426712.html
http://drupal8.local/sites/simpletest/browser_output/Drupal_Tests_conditional_fields_FunctionalJavascript_ConditionalFieldStatesTest-3-50426712.html
http://drupal8.local/sites/simpletest/browser_output/Drupal_Tests_conditional_fields_FunctionalJavascript_ConditionalFieldStatesTest-4-50426712.html
http://drupal8.local/sites/simpletest/browser_output/Drupal_Tests_conditional_fields_FunctionalJavascript_ConditionalFieldStatesTest-5-50426712.html
http://drupal8.local/sites/simpletest/browser_output/Drupal_Tests_conditional_fields_FunctionalJavascript_ConditionalFieldStatesTest-6-50426712.html
http://drupal8.local/sites/simpletest/browser_output/Drupal_Tests_conditional_fields_FunctionalJavascript_ConditionalFieldStatesTest-7-50426712.html
http://drupal8.local/sites/simpletest/browser_output/Drupal_Tests_conditional_fields_FunctionalJavascript_ConditionalFieldStatesTest-8-50426712.html
http://drupal8.local/sites/simpletest/browser_output/Drupal_Tests_conditional_fields_FunctionalJavascript_ConditionalFieldStatesTest-9-96036640.html
http://drupal8.local/sites/simpletest/browser_output/Drupal_Tests_conditional_fields_FunctionalJavascript_ConditionalFieldStatesTest-10-96036640.html
http://drupal8.local/sites/simpletest/browser_output/Drupal_Tests_conditional_fields_FunctionalJavascript_ConditionalFieldStatesTest-11-96036640.html
http://drupal8.local/sites/simpletest/browser_output/Drupal_Tests_conditional_fields_FunctionalJavascript_ConditionalFieldStatesTest-12-96036640.html
http://drupal8.local/sites/simpletest/browser_output/Drupal_Tests_conditional_fields_FunctionalJavascript_ConditionalFieldStatesTest-13-96036640.html
http://drupal8.local/sites/simpletest/browser_output/Drupal_Tests_conditional_fields_FunctionalJavascript_ConditionalFieldStatesTest-14-96036640.html
http://drupal8.local/sites/simpletest/browser_output/Drupal_Tests_conditional_fields_FunctionalJavascript_ConditionalFieldStatesTest-15-96036640.html
http://drupal8.local/sites/simpletest/browser_output/Drupal_Tests_conditional_fields_FunctionalJavascript_ConditionalFieldStatesTest-16-96036640.html
http://drupal8.local/sites/simpletest/browser_output/Drupal_Tests_conditional_fields_FunctionalJavascript_ConditionalFieldStatesTest-17-78221536.html
http://drupal8.local/sites/simpletest/browser_output/Drupal_Tests_conditional_fields_FunctionalJavascript_ConditionalFieldStatesTest-18-78221536.html
http://drupal8.local/sites/simpletest/browser_output/Drupal_Tests_conditional_fields_FunctionalJavascript_ConditionalFieldStatesTest-19-78221536.html
http://drupal8.local/sites/simpletest/browser_output/Drupal_Tests_conditional_fields_FunctionalJavascript_ConditionalFieldStatesTest-20-78221536.html
http://drupal8.local/sites/simpletest/browser_output/Drupal_Tests_conditional_fields_FunctionalJavascript_ConditionalFieldStatesTest-21-78221536.html
http://drupal8.local/sites/simpletest/browser_output/Drupal_Tests_conditional_fields_FunctionalJavascript_ConditionalFieldStatesTest-22-78221536.html
http://drupal8.local/sites/simpletest/browser_output/Drupal_Tests_conditional_fields_FunctionalJavascript_ConditionalFieldStatesTest-23-78221536.html
http://drupal8.local/sites/simpletest/browser_output/Drupal_Tests_conditional_fields_FunctionalJavascript_ConditionalFieldStatesTest-24-78221536.html
http://drupal8.local/sites/simpletest/browser_output/Drupal_Tests_conditional_fields_FunctionalJavascript_ConditionalFieldStatesTest-25-48875974.html
http://drupal8.local/sites/simpletest/browser_output/Drupal_Tests_conditional_fields_FunctionalJavascript_ConditionalFieldStatesTest-26-48875974.html
http://drupal8.local/sites/simpletest/browser_output/Drupal_Tests_conditional_fields_FunctionalJavascript_ConditionalFieldStatesTest-27-48875974.html
http://drupal8.local/sites/simpletest/browser_output/Drupal_Tests_conditional_fields_FunctionalJavascript_ConditionalFieldStatesTest-28-48875974.html
http://drupal8.local/sites/simpletest/browser_output/Drupal_Tests_conditional_fields_FunctionalJavascript_ConditionalFieldStatesTest-29-48875974.html
http://drupal8.local/sites/simpletest/browser_output/Drupal_Tests_conditional_fields_FunctionalJavascript_ConditionalFieldStatesTest-30-48875974.html
http://drupal8.local/sites/simpletest/browser_output/Drupal_Tests_conditional_fields_FunctionalJavascript_ConditionalFieldStatesTest-31-48875974.html
http://drupal8.local/sites/simpletest/browser_output/Drupal_Tests_conditional_fields_FunctionalJavascript_ConditionalFieldStatesTest-32-48875974.html
http://drupal8.local/sites/simpletest/browser_output/Drupal_Tests_conditional_fields_FunctionalJavascript_ConditionalFieldStatesTest-33-97311294.html
http://drupal8.local/sites/simpletest/browser_output/Drupal_Tests_conditional_fields_FunctionalJavascript_ConditionalFieldStatesTest-34-97311294.html
http://drupal8.local/sites/simpletest/browser_output/Drupal_Tests_conditional_fields_FunctionalJavascript_ConditionalFieldStatesTest-35-97311294.html
http://drupal8.local/sites/simpletest/browser_output/Drupal_Tests_conditional_fields_FunctionalJavascript_ConditionalFieldStatesTest-36-97311294.html
http://drupal8.local/sites/simpletest/browser_output/Drupal_Tests_conditional_fields_FunctionalJavascript_ConditionalFieldStatesTest-37-97311294.html
http://drupal8.local/sites/simpletest/browser_output/Drupal_Tests_conditional_fields_FunctionalJavascript_ConditionalFieldStatesTest-38-97311294.html
http://drupal8.local/sites/simpletest/browser_output/Drupal_Tests_conditional_fields_FunctionalJavascript_ConditionalFieldStatesTest-39-97311294.html
http://drupal8.local/sites/simpletest/browser_output/Drupal_Tests_conditional_fields_FunctionalJavascript_ConditionalFieldStatesTest-40-97311294.html
http://drupal8.local/sites/simpletest/browser_output/Drupal_Tests_conditional_fields_FunctionalJavascript_ConditionalFieldStatesTest-1-42962599.html
http://drupal8.local/sites/simpletest/browser_output/Drupal_Tests_conditional_fields_FunctionalJavascript_ConditionalFieldStatesTest-2-42962599.html
http://drupal8.local/sites/simpletest/browser_output/Drupal_Tests_conditional_fields_FunctionalJavascript_ConditionalFieldStatesTest-3-42962599.html
http://drupal8.local/sites/simpletest/browser_output/Drupal_Tests_conditional_fields_FunctionalJavascript_ConditionalFieldStatesTest-4-42962599.html
http://drupal8.local/sites/simpletest/browser_output/Drupal_Tests_conditional_fields_FunctionalJavascript_ConditionalFieldStatesTest-5-42962599.html
http://drupal8.local/sites/simpletest/browser_output/Drupal_Tests_conditional_fields_FunctionalJavascript_ConditionalFieldStatesTest-6-42962599.html
http://drupal8.local/sites/simpletest/browser_output/Drupal_Tests_conditional_fields_FunctionalJavascript_ConditionalFieldStatesTest-7-42962599.html
http://drupal8.local/sites/simpletest/browser_output/Drupal_Tests_conditional_fields_FunctionalJavascript_ConditionalFieldStatesTest-8-42962599.html
http://drupal8.local/sites/simpletest/browser_output/Drupal_Tests_conditional_fields_FunctionalJavascript_ConditionalFieldStatesTest-9-89449187.html
http://drupal8.local/sites/simpletest/browser_output/Drupal_Tests_conditional_fields_FunctionalJavascript_ConditionalFieldStatesTest-10-89449187.html
http://drupal8.local/sites/simpletest/browser_output/Drupal_Tests_conditional_fields_FunctionalJavascript_ConditionalFieldStatesTest-11-89449187.html
http://drupal8.local/sites/simpletest/browser_output/Drupal_Tests_conditional_fields_FunctionalJavascript_ConditionalFieldStatesTest-12-89449187.html
http://drupal8.local/sites/simpletest/browser_output/Drupal_Tests_conditional_fields_FunctionalJavascript_ConditionalFieldStatesTest-13-89449187.html
http://drupal8.local/sites/simpletest/browser_output/Drupal_Tests_conditional_fields_FunctionalJavascript_ConditionalFieldStatesTest-14-89449187.html
http://drupal8.local/sites/simpletest/browser_output/Drupal_Tests_conditional_fields_FunctionalJavascript_ConditionalFieldStatesTest-15-89449187.html
http://drupal8.local/sites/simpletest/browser_output/Drupal_Tests_conditional_fields_FunctionalJavascript_ConditionalFieldStatesTest-16-89449187.html
http://drupal8.local/sites/simpletest/browser_output/Drupal_Tests_conditional_fields_FunctionalJavascript_ConditionalFieldStatesTest-17-37123926.html
http://drupal8.local/sites/simpletest/browser_output/Drupal_Tests_conditional_fields_FunctionalJavascript_ConditionalFieldStatesTest-18-37123926.html
http://drupal8.local/sites/simpletest/browser_output/Drupal_Tests_conditional_fields_FunctionalJavascript_ConditionalFieldStatesTest-19-37123926.html
http://drupal8.local/sites/simpletest/browser_output/Drupal_Tests_conditional_fields_FunctionalJavascript_ConditionalFieldStatesTest-20-37123926.html
http://drupal8.local/sites/simpletest/browser_output/Drupal_Tests_conditional_fields_FunctionalJavascript_ConditionalFieldStatesTest-21-37123926.html
http://drupal8.local/sites/simpletest/browser_output/Drupal_Tests_conditional_fields_FunctionalJavascript_ConditionalFieldStatesTest-22-37123926.html
http://drupal8.local/sites/simpletest/browser_output/Drupal_Tests_conditional_fields_FunctionalJavascript_ConditionalFieldStatesTest-23-37123926.html
http://drupal8.local/sites/simpletest/browser_output/Drupal_Tests_conditional_fields_FunctionalJavascript_ConditionalFieldStatesTest-24-37123926.html
http://drupal8.local/sites/simpletest/browser_output/Drupal_Tests_conditional_fields_FunctionalJavascript_ConditionalFieldStatesTest-25-42713068.html
http://drupal8.local/sites/simpletest/browser_output/Drupal_Tests_conditional_fields_FunctionalJavascript_ConditionalFieldStatesTest-26-42713068.html
http://drupal8.local/sites/simpletest/browser_output/Drupal_Tests_conditional_fields_FunctionalJavascript_ConditionalFieldStatesTest-27-42713068.html
http://drupal8.local/sites/simpletest/browser_output/Drupal_Tests_conditional_fields_FunctionalJavascript_ConditionalFieldStatesTest-28-42713068.html
http://drupal8.local/sites/simpletest/browser_output/Drupal_Tests_conditional_fields_FunctionalJavascript_ConditionalFieldStatesTest-29-42713068.html
http://drupal8.local/sites/simpletest/browser_output/Drupal_Tests_conditional_fields_FunctionalJavascript_ConditionalFieldStatesTest-30-42713068.html
http://drupal8.local/sites/simpletest/browser_output/Drupal_Tests_conditional_fields_FunctionalJavascript_ConditionalFieldStatesTest-31-42713068.html
http://drupal8.local/sites/simpletest/browser_output/Drupal_Tests_conditional_fields_FunctionalJavascript_ConditionalFieldStatesTest-32-42713068.html
http://drupal8.local/sites/simpletest/browser_output/Drupal_Tests_conditional_fields_FunctionalJavascript_ConditionalFieldStatesTest-1-20513890.html
http://drupal8.local/sites/simpletest/browser_output/Drupal_Tests_conditional_fields_FunctionalJavascript_ConditionalFieldStatesTest-2-20513890.html
http://drupal8.local/sites/simpletest/browser_output/Drupal_Tests_conditional_fields_FunctionalJavascript_ConditionalFieldStatesTest-3-20513890.html
http://drupal8.local/sites/simpletest/browser_output/Drupal_Tests_conditional_fields_FunctionalJavascript_ConditionalFieldStatesTest-4-20513890.html
http://drupal8.local/sites/simpletest/browser_output/Drupal_Tests_conditional_fields_FunctionalJavascript_ConditionalFieldStatesTest-5-20513890.html
http://drupal8.local/sites/simpletest/browser_output/Drupal_Tests_conditional_fields_FunctionalJavascript_ConditionalFieldStatesTest-6-20513890.html
http://drupal8.local/sites/simpletest/browser_output/Drupal_Tests_conditional_fields_FunctionalJavascript_ConditionalFieldStatesTest-7-20513890.html
http://drupal8.local/sites/simpletest/browser_output/Drupal_Tests_conditional_fields_FunctionalJavascript_ConditionalFieldStatesTest-8-20513890.html
